=== FIXED
ok - exit still refuses an unlabeled recorded pane that runs inside this worktree
ok - relaunch with no home workspace refuses a recorded pane id that now names other work
=== PRE-FIX (HEAD~1 fm-local-pane-lib.sh), recorded worktree present
ok - pane-cleanup-on-exit tests are registered through the fork family hook
ok - recovery skips a pane whose fresh spawn holds the task meta lock
closed ended pane=test:w1:p2
ok - recovery closes an ended worker pane while preserving its task record
closed ended pane=test:w1:p2
ok - a duplicated home label resolves to the recorded workspace, never to a guess
ok - automatic cleanup preserves a pane with unreadable process evidence
ok - automatic cleanup preserves a secondmate supervisor pane
ok - watcher poll closes an ended worker pane through its hook
ok - bootstrap cleans restored shells before layout repair
ok - bootstrap skips and reports a layout repair whose plan would close a recorded task pane
ok - bootstrap still heals husks that have no task record in this home
ok - bootstrap runs the existing layout repair when its plan closes no pane
ok - exit treats a missing home workspace as proof that no task pane remains
ok - exit refuses when the home workspace is missing but the recorded pane still exists
ok - exit refuses when the home workspace exists but its crew inventory is unreadable
ok - a sweep reads a failed session inventory once and closes nothing
ok - exit refuses when a split tab hides the recorded worker pane from label resolution
ok - teardown refuses and keeps the records when a split tab hides the recorded worker pane
ok - recovery leaves a split-tab worker pane untouched
ok - exit treats a recorded pane id that now names other work as gone and closes nothing
ok - exit still refuses an unlabeled recorded pane that runs inside this worktree
not ok - recycled relaunch output ({"tab_id":"w1:t9","label":"fm-other"}): ●━━━━━━━━━━━━━━━━━━━━━━━━━━━━━━━━━━━━━━━━━━━━━━━━━━━━━━━━━━━━━━━━━━━━━━━
error: task ended has no brief at inaccessible data path /tmp/tmp.KXxpZpVRU1/split-home/data/ended/brief.md

=== PRE-FIX with worktree, git repo, and legacy brief present: relaunch passes the pane-identity gate and tries to drive the recycled pane
not ok - recycled relaunch output ({"tab_id":"w1:t9","label":"fm-other"}): ●━━━━━━━━━━━━━━━━━━━━━━━━━━━━━━━━━━━━━━━━━━━━━━━━━━━━━━━━━━━━━━━━━━━━━━━
warning: /tmp/tmp.Bg3NvODvBJ/split-home/data/ended/launch-brief.md records no delivery contract line (scaffolded before ship briefs recorded one); launching on the explicit --mode  - confirm its definition of done matches
notice: ended ships mode= while the standing posture for project is no-mistakes - less rigor than the captain's standing posture; proceed only on a current explicit captain instruction or an intake judgment you can state
error: task ended's endpoint is in 'unknown' and could not be told to return to its recorded worktree '/tmp/tmp.Bg3NvODvBJ/worktree'; refusing to relaunch an agent outside the copy holding its work

=== FIXED, same full fixture
ok - exit still refuses an unlabeled recorded pane that runs inside this worktree
ok - relaunch with no home workspace refuses a recorded pane id that now names other work
