FM_TEST_BEGIN 2026-09-24T18:47:41Z tests/fm-local-pane-recovery.test.sh family=backend-dispatch expected_gate_skip=none
ok - pane-cleanup-on-exit tests are registered through the fork family hook
ok - recovery skips a pane whose fresh spawn holds the task meta lock
closed ended pane=test:w1:p2
ok - recovery closes an ended worker pane while preserving its task record
closed ended pane=test:w1:p2
ok - a duplicated home label resolves to the recorded workspace, never to a guess
ok - automatic cleanup preserves a pane with unreadable process evidence
ok - automatic cleanup preserves a secondmate supervisor pane
ok - watcher poll closes an ended worker pane through its hook
ok - bootstrap cleans restored shells before layout repair
ok - bootstrap skips and reports a layout repair whose plan would close a recorded task pane
ok - bootstrap still heals husks that have no task record in this home
ok - bootstrap runs the existing layout repair when its plan closes no pane
ok - exit treats a missing home workspace as proof that no task pane remains
ok - exit refuses when the home workspace is missing but the recorded pane still exists
ok - exit refuses when the home workspace exists but its crew inventory is unreadable
ok - a sweep reads a failed session inventory once and closes nothing
ok - exit refuses when a split tab hides the recorded worker pane from label resolution
ok - teardown refuses and keeps the records when a split tab hides the recorded worker pane
ok - recovery leaves a split-tab worker pane untouched
ok - exit treats a recorded pane id that now names other work as gone and closes nothing
ok - exit still refuses an unlabeled recorded pane that runs inside this worktree
ok - forced teardown does not report a recycled recorded pane as this task leaked pane
ok - teardown stop submits no exit command after an interrupt ends the agent
FM_TEST_END 2026-09-24T18:48:13Z tests/fm-local-pane-recovery.test.sh exit=0 duration_ms=32300 gate_skip=false
FM_TEST_SUMMARY total=1 failed=0 skipped_gate=0 duration_ms=32518
FM_TEST_SUMMARY_FAMILY family=backend-dispatch count=1 duration_ms=32300 failed=0
FM_TEST_SLOWEST rank=1 script=tests/fm-local-pane-recovery.test.sh duration_ms=32300

real	0m32.577s
user	0m10.490s
sys	0m16.395s
