ok - local-only worktree with HEAD on a fork remote is torn down and the home summary is refreshed
●━━━━━━━━━━━━━━━━━━━━━━━━━━━━━━━━━━━━━━━━━━━━━━━━━━━━━━━━━━━━━━━━━━━━━━━
●  WATCHER DOWN - SUPERVISION IS OFF
●  1 task(s) in flight, but no live watcher process holds this home lock (last beat: 1s ago).
●  Trust the emitted supervision protocol for this harness; do not use shell & for watcher repair.
●  This is a supervision warning only; the guarded operation WILL still run.
●  repair a missing or failed watcher cycle with the Pi tool fm_watch_arm_pi, or restart Pi with -e /home/ben/.no-mistakes/worktrees/3665d600861c/01M1XJZXWY0M57DP2AN2A6BSEN/.pi/extensions/fm-primary-turnend-guard.ts -e /home/ben/.no-mistakes/worktrees/3665d600861c/01M1XJZXWY0M57DP2AN2A6BSEN/.pi/extensions/fm-primary-pi-watch.ts if the extensions are not loaded.
●━━━━━━━━━━━━━━━━━━━━━━━━━━━━━━━━━━━━━━━━━━━━━━━━━━━━━━━━━━━━━━━━━━━━━━━
warning: lsof is unavailable; cannot resolve the tmux pane process group for task-x1
ok - teardown closes its own backlog item before reporting success
●━━━━━━━━━━━━━━━━━━━━━━━━━━━━━━━━━━━━━━━━━━━━━━━━━━━━━━━━━━━━━━━━━━━━━━━
●  WATCHER DOWN - SUPERVISION IS OFF
●  1 task(s) in flight, but no live watcher process holds this home lock (last beat: 1s ago).
●  Trust the emitted supervision protocol for this harness; do not use shell & for watcher repair.
●  This is a supervision warning only; the guarded operation WILL still run.
●  repair a missing or failed watcher cycle with the Pi tool fm_watch_arm_pi, or restart Pi with -e /home/ben/.no-mistakes/worktrees/3665d600861c/01M1XJZXWY0M57DP2AN2A6BSEN/.pi/extensions/fm-primary-turnend-guard.ts -e /home/ben/.no-mistakes/worktrees/3665d600861c/01M1XJZXWY0M57DP2AN2A6BSEN/.pi/extensions/fm-primary-pi-watch.ts if the extensions are not loaded.
●━━━━━━━━━━━━━━━━━━━━━━━━━━━━━━━━━━━━━━━━━━━━━━━━━━━━━━━━━━━━━━━━━━━━━━━
warning: lsof is unavailable; cannot resolve the tmux pane process group for task-x1
ok - teardown honors config/backlog-backend=manual and still finishes cleanly
ok - local-only worktree with truly unpushed work is refused (safety preserved)
ok - local-only worktree with work merged into local main is torn down (no regression)
ok - no-mistakes worktree with HEAD on origin is torn down (no regression)
ok - no-mistakes worktree with genuinely unlanded work is refused (safety preserved)
ok - local-only worktree with unpushed work is torn down under --force (escape hatch)
ok - teardown completes when an exact busy-state sidecar is already absent
ok - herdr teardown removes pane-owned escalation dedupe state
ok - herdr flat teardown refuses before returning the isolated copy under lock contention and the retry completes cleanly
ok - herdr flat teardown preflight refuses before every destructive change
ok - forced secondmate teardown preflights every Herdr child before cleanup mutation
ok - forced secondmate teardown holds every descendant lifecycle and metadata lock
ok - forced secondmate teardown retains Herdr child identity until exact pane disappearance
ok - forced teardown retains a nested secondmate home and its grandchild's Herdr identity when the grandchild close is unconfirmed
ok - herdr teardown closes a task pane whose agent already exited instead of leaving a bare terminal
ok - herdr teardown counts an already-dead pane as confirmed closed without issuing a close
ok - herdr teardown retries a close the server accepted but never applied, then confirms it
ok - herdr teardown reports a pane it could never close loudly, by task and pane, instead of leaking it silently
ok - herdr teardown falls back to default close attempts and retry wait when the overrides are empty, zero, or non-numeric
ok - herdr projection teardown retires its journal on the confirmation the retried close actually reached
ok - herdr projection teardown retires its journal only after confirming the exact recorded pane is gone
ok - herdr projection teardown retains the stale journal and attempts no workspace cleanup when exact-pane close is unconfirmed
ok - herdr projection teardown surfaces failed focus restoration without turning confirmed cleanup into a hard failure
ok - squash-merged + deleted-branch worktree (PR merged) is torn down (the fix)
ok - squash-merged PR accepts a local HEAD that is an ancestor of the final PR head
ok - teardown discovers a merged PR by branch name and tears down when no pr= was ever recorded
ok - squash-merged PR accepts replayed unpushed local patches contained in the PR head
ok - merged PR does not allow teardown after a later local commit
●━━━━━━━━━━━━━━━━━━━━━━━━━━━━━━━━━━━━━━━━━━━━━━━━━━━━━━━━━━━━━━━━━━━━━━━
●  WATCHER DOWN - SUPERVISION IS OFF
●  1 task(s) in flight, but no live watcher process holds this home lock (last beat: 0s ago).
●  Trust the emitted supervision protocol for this harness; do not use shell & for watcher repair.
●  This is a supervision warning only; the guarded operation WILL still run.
●  repair a missing or failed watcher cycle with the Pi tool fm_watch_arm_pi, or restart Pi with -e /home/ben/.no-mistakes/worktrees/3665d600861c/01M1XJZXWY0M57DP2AN2A6BSEN/.pi/extensions/fm-primary-turnend-guard.ts -e /home/ben/.no-mistakes/worktrees/3665d600861c/01M1XJZXWY0M57DP2AN2A6BSEN/.pi/extensions/fm-primary-pi-watch.ts if the extensions are not loaded.
●━━━━━━━━━━━━━━━━━━━━━━━━━━━━━━━━━━━━━━━━━━━━━━━━━━━━━━━━━━━━━━━━━━━━━━━
WARNING: watcher still down (same stale episode; last beat: 2s ago, grace 300s) - full banner already printed this episode.
ok - fm-pr-check does not refresh PR head after HEAD moves
●━━━━━━━━━━━━━━━━━━━━━━━━━━━━━━━━━━━━━━━━━━━━━━━━━━━━━━━━━━━━━━━━━━━━━━━
●  WATCHER DOWN - SUPERVISION IS OFF
●  1 task(s) in flight, but no live watcher process holds this home lock (last beat: 0s ago).
●  Trust the emitted supervision protocol for this harness; do not use shell & for watcher repair.
●  This is a supervision warning only; the guarded operation WILL still run.
●  repair a missing or failed watcher cycle with the Pi tool fm_watch_arm_pi, or restart Pi with -e /home/ben/.no-mistakes/worktrees/3665d600861c/01M1XJZXWY0M57DP2AN2A6BSEN/.pi/extensions/fm-primary-turnend-guard.ts -e /home/ben/.no-mistakes/worktrees/3665d600861c/01M1XJZXWY0M57DP2AN2A6BSEN/.pi/extensions/fm-primary-pi-watch.ts if the extensions are not loaded.
●━━━━━━━━━━━━━━━━━━━━━━━━━━━━━━━━━━━━━━━━━━━━━━━━━━━━━━━━━━━━━━━━━━━━━━━
ok - fm-pr-check records the remote PR head when the local worktree lags
ok - worktree whose content already landed in the default branch is torn down (content fallback)
ok - content fallback refreshes origin default before comparing trees
ok - dirty worktree is refused even when its committed work has landed (dirty always wins)
ok - gh lookup error with content not in default refuses (fail-safe)
ok - provably-stale worktree index.lock (old, no live holder) is cleared and teardown succeeds
ok - live-held worktree index.lock is never removed and teardown refuses
ok - lsof errors leave worktree index.lock in place and refuse teardown
ok - stale lock cleanup rechecks and refuses dirty worktree before return
ok - normal repo index.lock is resolved from the worktree and cleared when stale
ok - lock mtime read failures leave worktree index.lock in place and refuse teardown
ok - transient index.lock cleared after first failed return is retried successfully without force-remove
ok - persistent index.lock exhausts retries and refuses without force-removing the lock
ok - empty retry wait overrides use the default without aborting teardown
ok - fractional legacy retry wait remains supported without arithmetic
ok - a task's own parked no-mistakes run is aborted, not orphaned, before the worker is removed
ok - teardown refuses before reap or removal when a task-owned run remains parked
ok - a different run cannot confirm the targeted abort
ok - empty post-abort status is not accepted as confirmation
ok - the CLI's exact run-not-found signal confirms completion
ok - a parked run on another branch is never aborted by this task's teardown (ownership is precise)
ok - a task-owned autonomous running step is left alone rather than aborted
ok - a leaked descendant process rooted under the task's worktree is reaped by teardown, not left surviving
ok - a leaked descendant process rooted under the task's per-task tasktmp is reaped by teardown too
ok - missing lsof falls back to reaping the tmux pane process group
ok - an erroring lsof scan refuses teardown and preserves the task
ok - a reused pid with a different start time is never force-killed
ok - an exec change preserves birth identity and the process is reaped
ok - a process spawned during grace is reaped on a later pass
ok - persistent leaked processes refuse teardown after bounded retries
ok - a process exiting during identity lookup does not block teardown
ok - the run abort and the leaked-process reap both complete before the destructive worktree return
