== suite=fm-local-cleanup-slot head=59d2e579084beb3f99a7e7a011e4ae212c51a17d start=2026-09-24T08:41:11-05:00
FM_TEST_BEGIN 2026-09-24T13:41:11Z tests/fm-local-cleanup-slot.test.sh family=unclassified expected_gate_skip=none
ok - unsafe PR merge markers refuse before endpoint or pool changes
ok - retirement proves the Atlas task identity before any ticket or node mutation
ok - parent refusal retains the slot and endpoint; a repaired channel permits cleanup
ok - an outcome written before the endpoint stopped reaches the parent before the record retires
ok - cleanup-late-outcome-retry: an undelivered late outcome completes teardown after the slot owner exits and the watcher delivers it
ok - cleanup-late-outcome-retry: an older failed outcome never follows a newer done outcome of the same task
ok - a refused Treehouse return keeps the status log, busy state, and record for a rerun
ok - busy generation refusal retains the leased slot and endpoint
ok - finished scout retirement preserves the live slot, record, branch, dirty work, and process
ok - unfinished, unowned, ambiguous, decision-held, and unlanded records refuse retirement
ok - Atlas refusal keeps a keyed blocker and the record; retry closes only the old ticket and backlog
ok - retirement releases and lands a node that no other open ticket holds
ok - landed ship retirement keeps Git refs and archives only its own task artifacts
ok - retirement refuses while another lifecycle action owns the live task
FM_TEST_END 2026-09-24T13:42:32Z tests/fm-local-cleanup-slot.test.sh exit=0 duration_ms=80630 gate_skip=false
FM_TEST_SUMMARY total=1 failed=0 skipped_gate=0 duration_ms=80780
FM_TEST_SUMMARY_FAMILY family=unclassified count=1 duration_ms=80630 failed=0
FM_TEST_SLOWEST rank=1 script=tests/fm-local-cleanup-slot.test.sh duration_ms=80630
== exit=0 elapsed=81s end=2026-09-24T08:42:32-05:00
