FM_TEST_BEGIN 2026-09-24T14:16:14Z tests/fm-teardown-endpoint-safety.test.sh family=backend-dispatch expected_gate_skip=none
ok - fm-teardown: missing, empty, malformed, ambiguous, and task-mismatched endpoints refuse before every mutation or runtime call
ok - fm-teardown: a concurrent lifecycle action refuses before mutation
ok - fm-teardown: non-pool cleanup ignores unrelated task publication locks
ok - fm-teardown: destructive cleanup serializes with metadata writers
ok - cleanup identity: valid tmux, Herdr, Zellij, Orca, and cmux records validate while every empty backend target refuses
ok - tmux backend: direct empty target returns nonzero without invoking tmux
ok - process cleanup: creation-time PID identity removes only the exact child and preserves the control child
ok - fm-teardown: exact tmux cleanup preserves invalid and prefix-matched neighbors while removing only the recorded target
ok - Treehouse locking resolves a bare local origin against its source project, matching the provisioned clone
ok - fm-teardown: a pool slot named by a second task record is never returned, killed, or reset
ok - fm-teardown: a pool slot held by another firstmate home is never returned
ok - fm-teardown: a task that solely holds its slot still returns it
ok - fm-teardown: an exact recorded endpoint still tears down after changing cwd outside its worktree
ok - Treehouse project locking anchors at the local root for main-home, local-secondmate, and remote-seeded layouts
ok - fm-teardown: a remote-seeded secondmate home returns its own uncontested pool slot
ok - fm-teardown: slot ownership across a remote-seeded home and its local child still refuses
ok - Treehouse project locking still serializes two homes across the remote-seeded boundary
FM_TEST_END 2026-09-24T14:16:49Z tests/fm-teardown-endpoint-safety.test.sh exit=0 duration_ms=35500 gate_skip=false
FM_TEST_SUMMARY total=1 failed=0 skipped_gate=0 duration_ms=35620
FM_TEST_SUMMARY_FAMILY family=backend-dispatch count=1 duration_ms=35500 failed=0
FM_TEST_SLOWEST rank=1 script=tests/fm-teardown-endpoint-safety.test.sh duration_ms=35500
exit=0 worktree_head=055fe146084a7a0ff2d5ace9c4068041080b6ab9 plus uncommitted round-8 edits
