FM_TEST_BEGIN 2026-09-24T14:31:23Z tests/fm-inactive-reconcile.test.sh family=watcher-wake-lock expected_gate_skip=none
actionable: inactive terminal outcome awaiting captain presentation: child=child state=done pr=https://example.test/owner/repo/pull/1
ok - main direct terminal presentation has a durable receipt
ok - secondmate delivers a child's terminal ledger line once, on the next poll, from the ledger alone
ok - busy child locks do not starve later ledger outcomes
ok - ledger delivery carries the report pointer, the failed verb, and each new terminal line
ok - terminal lines arriving during state reads remain ledger-owned
ok - inactive and ledger paths reconcile one raced completion without hiding later events
ok - progress after an inactive fallback starts a distinct terminal event
ok - complete long ledger lines retain distinct receipt identities
ok - a ledger line still being appended waits for its newline
ok - the remote route carries a child's ledger line once
ok - report delivers a child's final line, owes nothing twice, and refuses only an unwritable channel
ok - report preserves teardown's metadata-before-scan lock order
actionable: child outcome needs parent report: child=child state=failed (missing or unreadable parent binding .fm-secondmate-parent)
ok - relative local parent homes fail closed
ok - invalid secondmate markers block routing and surface the obligation
ok - remote parent-replies mirror input is durable and idempotent
ok - reused task ids retain per-incarnation terminal receipts
ok - legacy metadata rewrites preserve terminal receipt identity
ok - relaunch cannot replace metadata during terminal snapshot
actionable: inactive terminal outcome awaiting captain presentation: child=child state=done pr=https://example.test/owner/repo/pull/1
ok - terminal reconciliation ignores heartbeat backoff state
actionable: inactive terminal outcome awaiting captain presentation: child=child state=done pr=https://example.test/owner/repo/pull/1
ok - scan marker replaces a symlink without overwriting its target
ok - nonterminal and captain-held workers remain outside inactive terminal reporting
ok - watcher hook wakes for terminal loss and preserves idle secondmate exemption
ok - the real watcher poll delivers a child's terminal ledger line to the parent channel
actionable: inactive terminal outcome awaiting captain presentation: child=b state=done pr=https://example.test/owner/repo/pull/1
ok - stalled state reads are bounded without starving later children
ok - aggregate scan budget includes durable wake operations
actionable: inactive terminal outcome needs parent report: child=child state=failed (missing or unreadable parent binding .fm-secondmate-parent)
ok - notice recovery remains idempotent across queue acknowledgement
ok - a secondmate home with no parent binding names the missing binding instead of failing quietly
actionable: inactive terminal outcome awaiting captain presentation: child=child state=done pr=https://example.test/owner/repo/pull/1
ok - reconciliation makes zero forge or PR API calls
all inactive reconciliation tests passed
FM_TEST_END 2026-09-24T14:32:41Z tests/fm-inactive-reconcile.test.sh exit=0 duration_ms=77731 gate_skip=false
FM_TEST_SUMMARY total=1 failed=0 skipped_gate=0 duration_ms=77836
FM_TEST_SUMMARY_FAMILY family=watcher-wake-lock count=1 duration_ms=77731 failed=0
FM_TEST_SLOWEST rank=1 script=tests/fm-inactive-reconcile.test.sh duration_ms=77731
exit=0 head=f5917e852a7d0fb3638cc05f0b48e0a465b75733 plus uncommitted round-9 edits
